// Jest Snapshot v1, https://goo.gl/fbAQLP

exports[`Text component should renders Text component correctly 1`] = `
<div
  className="font-normal text-base"
  style={{}}
  variant={6}
>
  Hello Paxer!
</div>
`;
